// Jest Snapshot v1, https://goo.gl/fbAQLP

exports[`TextLX Rendering should match to snapshot 1`] = `ShallowWrapper {}`;
